current directory: /home/isawc/New Projects/websites/study/rails/store/vendor/bundle/ruby/3.4.0/gems/psych-5.3.1/ext/psych
/usr/bin/ruby extconf.rb
checking for pkg-config for yaml-0.1... [" ", "", "-lyaml"]
creating Makefile

current directory: /home/isawc/New Projects/websites/study/rails/store/vendor/bundle/ruby/3.4.0/gems/psych-5.3.1/ext/psych
make DESTDIR\= sitearchdir\=./.gem.20260510-8231-aro0f sitelibdir\=./.gem.20260510-8231-aro0f clean
cd libyaml && make clean
/bin/sh: line 1: cd: libyaml: No such file or directory
make: [Makefile:287: clean-so] Error 1 (ignored)

current directory: /home/isawc/New Projects/websites/study/rails/store/vendor/bundle/ruby/3.4.0/gems/psych-5.3.1/ext/psych
make DESTDIR\= sitearchdir\=./.gem.20260510-8231-aro0f sitelibdir\=./.gem.20260510-8231-aro0f
compiling psych.c
compiling psych_emitter.c
compiling psych_parser.c
compiling psych_to_ruby.c
compiling psych_yaml_tree.c
linking shared-object psych.so

current directory: /home/isawc/New Projects/websites/study/rails/store/vendor/bundle/ruby/3.4.0/gems/psych-5.3.1/ext/psych
make DESTDIR\= sitearchdir\=./.gem.20260510-8231-aro0f sitelibdir\=./.gem.20260510-8231-aro0f install
/usr/bin/install -c -m 0755 psych.so ./.gem.20260510-8231-aro0f

current directory: /home/isawc/New Projects/websites/study/rails/store/vendor/bundle/ruby/3.4.0/gems/psych-5.3.1/ext/psych
make DESTDIR\= sitearchdir\=./.gem.20260510-8231-aro0f sitelibdir\=./.gem.20260510-8231-aro0f clean
cd libyaml && make clean
/bin/sh: line 1: cd: libyaml: No such file or directory
make: [Makefile:287: clean-so] Error 1 (ignored)
