current directory: /home/isawc/New Projects/websites/study/rails/store/vendor/bundle/ruby/3.4.0/gems/ed25519-1.4.0/ext/ed25519_ref10
/usr/bin/ruby extconf.rb
checking for whether -Wall is accepted as CFLAGS... yes
checking for whether -O3 is accepted as CFLAGS... yes
checking for whether -pedantic is accepted as CFLAGS... yes
checking for whether -std=c99 is accepted as CFLAGS... no
creating Makefile

current directory: /home/isawc/New Projects/websites/study/rails/store/vendor/bundle/ruby/3.4.0/gems/ed25519-1.4.0/ext/ed25519_ref10
make DESTDIR\= sitearchdir\=./.gem.20260510-8231-5keg7m sitelibdir\=./.gem.20260510-8231-5keg7m clean

current directory: /home/isawc/New Projects/websites/study/rails/store/vendor/bundle/ruby/3.4.0/gems/ed25519-1.4.0/ext/ed25519_ref10
make DESTDIR\= sitearchdir\=./.gem.20260510-8231-5keg7m sitelibdir\=./.gem.20260510-8231-5keg7m
compiling ed25519_ref10.c
compiling fe.c
compiling ge.c
compiling keypair.c
compiling open.c
compiling sc_muladd.c
compiling sc_reduce.c
compiling sha512.c
compiling sign.c
compiling verify.c
linking shared-object ed25519_ref10.so

current directory: /home/isawc/New Projects/websites/study/rails/store/vendor/bundle/ruby/3.4.0/gems/ed25519-1.4.0/ext/ed25519_ref10
make DESTDIR\= sitearchdir\=./.gem.20260510-8231-5keg7m sitelibdir\=./.gem.20260510-8231-5keg7m install
/usr/bin/install -c -m 0755 ed25519_ref10.so ./.gem.20260510-8231-5keg7m

current directory: /home/isawc/New Projects/websites/study/rails/store/vendor/bundle/ruby/3.4.0/gems/ed25519-1.4.0/ext/ed25519_ref10
make DESTDIR\= sitearchdir\=./.gem.20260510-8231-5keg7m sitelibdir\=./.gem.20260510-8231-5keg7m clean
